// Jest Snapshot v1, https://goo.gl/fbAQLP

exports[`creates boxes 1`] = `
<div>
  <div>
    <div>
      <form>
        <label
          for="height"
        >
          Height
        </label>
        <input
          id="height"
          name="height"
          value=""
        />
        <label
          for="width"
        >
          Width
        </label>
        <input
          id="width"
          name="width"
          value=""
        />
        <label
          for="color"
        >
          Color
        </label>
        <input
          id="color"
          name="color"
          value=""
        />
        <button>
          Add box
        </button>
      </form>
    </div>
    <div />
  </div>
</div>
`;

exports[`matches default snapshot 1`] = `
<div>
  <div>
    <div>
      <form>
        <label
          for="height"
        >
          Height
        </label>
        <input
          id="height"
          name="height"
          value=""
        />
        <label
          for="width"
        >
          Width
        </label>
        <input
          id="width"
          name="width"
          value=""
        />
        <label
          for="color"
        >
          Color
        </label>
        <input
          id="color"
          name="color"
          value=""
        />
        <button>
          Add box
        </button>
      </form>
    </div>
    <div />
  </div>
</div>
`;
